TST-C-ROS-T2544    6/20/2025 8:36:53 PM ProcessModelError
Error Code: 5000, User-defined error code.
Message: 'Webscraper.lvlib:Parse pyWebscraper data.vi
Row specified is not found within array


Complete call chain:
     Webscraper.lvlib:Parse pyWebscraper data.vi
     Webscraper.lvlib:Parse pyWebscraper data.vi.ProxyCaller' at step 'TRS04.3.1 - SDN1 OSCP Count' in seq 'ProcessModelPostStepRuntimeError'

TST-C-ROS-T2544    6/20/2025 8:46:23 PM ProcessModelError
Error Code: 5000, User-defined error code.
Message: 'Webscraper.lvlib:Parse pyWebscraper data.vi
Row specified is not found within array


Complete call chain:
     Webscraper.lvlib:Parse pyWebscraper data.vi
     Webscraper.lvlib:Parse pyWebscraper data.vi.ProxyCaller' at step 'TRS04.3.1 - SDN1 OSCP Count' in seq 'ProcessModelPostStepRuntimeError'

TST-C-ROS-T2544    6/20/2025 11:57:31 PM ProcessModelError
Error Code: 5000, User-defined error code.
Message: 'Webscraper.lvlib:Parse pyWebscraper data.vi
Row specified is not found within array


Complete call chain:
     Webscraper.lvlib:Parse pyWebscraper data.vi
     Webscraper.lvlib:Parse pyWebscraper data.vi.ProxyCaller' at step 'TRS04.3.1 - SDN1 OSCP Count' in seq 'ProcessModelPostStepRuntimeError'

TST-C-ROS-T2544    6/21/2025 7:29:08 AM ProcessModelError
Error Code: 5000, User-defined error code.
Message: 'Webscraper.lvlib:Parse pyWebscraper data.vi
Row specified is not found within array


Complete call chain:
     Webscraper.lvlib:Parse pyWebscraper data.vi
     Webscraper.lvlib:Parse pyWebscraper data.vi.ProxyCaller' at step 'TRS04.3.1 - SDN1 OSCP Count' in seq 'ProcessModelPostStepRuntimeError'

TST-C-ROS-T2544    6/21/2025 8:20:07 AM ProcessModelError
Error Code: 5000, User-defined error code.
Message: 'Webscraper.lvlib:Parse pyWebscraper data.vi
Row specified is not found within array


Complete call chain:
     Webscraper.lvlib:Parse pyWebscraper data.vi
     Webscraper.lvlib:Parse pyWebscraper data.vi.ProxyCaller' at step 'TRS04.3.1 - SDN1 OSCP Count' in seq 'ProcessModelPostStepRuntimeError'

TST-C-ROS-T2544    6/21/2025 8:50:36 AM ProcessModelError
Error Code: 5000, User-defined error code.
Message: 'Webscraper.lvlib:Parse pyWebscraper data.vi
Row specified is not found within array


Complete call chain:
     Webscraper.lvlib:Parse pyWebscraper data.vi
     Webscraper.lvlib:Parse pyWebscraper data.vi.ProxyCaller' at step 'TRS04.3.1 - SDN1 OSCP Count' in seq 'ProcessModelPostStepRuntimeError'

TST-C-ROS-T2544    6/21/2025 1:14:20 PM ProcessModelError
Error Code: 5000, User-defined error code.
Message: 'Webscraper.lvlib:Parse pyWebscraper data.vi
Row specified is not found within array


Complete call chain:
     Webscraper.lvlib:Parse pyWebscraper data.vi
     Webscraper.lvlib:Parse pyWebscraper data.vi.ProxyCaller' at step 'TRS04.3.1 - SDN1 OSCP Count' in seq 'ProcessModelPostStepRuntimeError'

TST-C-ROS-T2544    6/21/2025 1:22:29 PM ProcessModelError
Error Code: 5000, User-defined error code.
Message: 'Webscraper.lvlib:Parse pyWebscraper data.vi
Row specified is not found within array


Complete call chain:
     Webscraper.lvlib:Parse pyWebscraper data.vi
     Webscraper.lvlib:Parse pyWebscraper data.vi.ProxyCaller' at step 'TRS04.3.1 - SDN1 OSCP Count' in seq 'ProcessModelPostStepRuntimeError'

TST-C-ROS-T2544    6/21/2025 1:40:26 PM ProcessModelError
Error Code: 5000, User-defined error code.
Message: 'Webscraper.lvlib:Parse pyWebscraper data.vi
Row specified is not found within array


Complete call chain:
     Webscraper.lvlib:Parse pyWebscraper data.vi
     Webscraper.lvlib:Parse pyWebscraper data.vi.ProxyCaller' at step 'TRS04.3.1 - SDN1 OSCP Count' in seq 'ProcessModelPostStepRuntimeError'

TST-C-ROS-T2544    6/21/2025 1:45:17 PM ProcessModelError
Error Code: 5000, User-defined error code.
Message: 'Webscraper.lvlib:Parse pyWebscraper data.vi
Row specified is not found within array


Complete call chain:
     Webscraper.lvlib:Parse pyWebscraper data.vi
     Webscraper.lvlib:Parse pyWebscraper data.vi.ProxyCaller' at step 'Parse pyWebscraper Result' in seq 'ProcessModelPostStepRuntimeError'

TST-C-ROS-T2544    6/21/2025 2:01:37 PM ProcessModelError
Error Code: 5000, User-defined error code.
Message: 'Webscraper.lvlib:Parse pyWebscraper data.vi
Row specified is not found within array


Complete call chain:
     Webscraper.lvlib:Parse pyWebscraper data.vi
     Webscraper.lvlib:Parse pyWebscraper data.vi.ProxyCaller' at step 'TRS04.3.1 - SDN1 OSCP Count' in seq 'ProcessModelPostStepRuntimeError'

TST-C-ROS-T2544    6/21/2025 3:51:49 PM ProcessModelError
Error Code: 5000, User-defined error code.
Message: 'Webscraper.lvlib:Parse pyWebscraper data.vi
Row specified is not found within array


Complete call chain:
     Webscraper.lvlib:Parse pyWebscraper data.vi
     Webscraper.lvlib:Parse pyWebscraper data.vi.ProxyCaller' at step 'TRS04.3.1 - SDN1 OSCP Count' in seq 'ProcessModelPostStepRuntimeError'

TST-C-ROS-T2544    6/21/2025 4:07:54 PM ProcessModelError
Error Code: 5000, User-defined error code.
Message: 'Webscraper.lvlib:Parse pyWebscraper data.vi
Row specified is not found within array


Complete call chain:
     Webscraper.lvlib:Parse pyWebscraper data.vi
     Webscraper.lvlib:Parse pyWebscraper data.vi.ProxyCaller' at step 'TRS04.3.1 - SDN1 OSCP Count' in seq 'ProcessModelPostStepRuntimeError'

TST-C-ROS-T2544    6/21/2025 4:08:18 PM ProcessModelError
Error Code: 5000, User-defined error code.
Message: 'Webscraper.lvlib:Parse pyWebscraper data.vi
Row specified is not found within array


Complete call chain:
     Webscraper.lvlib:Parse pyWebscraper data.vi
     Webscraper.lvlib:Parse pyWebscraper data.vi.ProxyCaller' at step 'TRS04.3.1 - SDN1 OSCP Count' in seq 'ProcessModelPostStepRuntimeError'

TST-C-ROS-T2544    6/21/2025 4:10:03 PM ProcessModelError
Error Code: 5000, User-defined error code.
Message: 'Webscraper.lvlib:Parse pyWebscraper data.vi
Row specified is not found within array


Complete call chain:
     Webscraper.lvlib:Parse pyWebscraper data.vi
     Webscraper.lvlib:Parse pyWebscraper data.vi.ProxyCaller' at step 'TRS04.3.1 - SDN1 OSCP Count' in seq 'ProcessModelPostStepRuntimeError'

TST-C-ROS-T2544    3/26/2026 7:41:08 AM ProcessModelError
Error Code: 0, User-defined error code.
Message: 'Error Writing Report' at step 'Error Writing Report' in seq 'Socket'

TST-C-ROS-T2544    4/2/2026 6:24:30 AM ProcessModelError
Error Code: -17300, Value invalid or out of range.
Message: 'An error occurred calling 'Save' in 'Report' of 'NI TestStand 2016 API'
Value invalid or out of range.. Error writing to file ''.' at step 'Write UUT Report' in seq 'Socket'

