TST-C-ROS-T2544    8/19/2024 2:05:19 PM ProcessModelError
Error Code: -1074118124, User-defined error code.
Message: 'Keysight DAQ970.lvlib:IVI Error Converter.vi
I/O error.  Unknown system error (miscellaneous error).


Complete call chain:
     Keysight DAQ970.lvlib:IVI Error Converter.vi
     Keysight DAQ970.lvlib:Measure Resistance.vi
     Keysight DAQ970.lvlib:Measure Resistance.vi.ProxyCaller' at step 'Check PCBA Cover Closed Sensor' in seq 'ProcessModelPostStepRuntimeError'

TST-C-ROS-T2544    8/19/2024 4:59:38 PM ProcessModelError
Error Code: 0, User-defined error code.
Message: 'Error making unique filepath' at step 'Error Making FilePath' in seq 'Socket'

TST-C-ROS-T2544    8/19/2024 6:02:22 PM ProcessModelError
Error Code: -1074130544, User-defined error code.
Message: 'Keysight DAQ970.lvlib:IVI Error Converter.vi
Invalid session handle.


Complete call chain:
     Keysight DAQ970.lvlib:IVI Error Converter.vi
     Keysight DAQ970.lvlib:Measure Resistance.vi
     Keysight DAQ970.lvlib:Measure Resistance.vi.ProxyCaller
IVI: (Hex 0xBFFA1190) The session handle is not valid.' at step 'Check PCBA Cover Closed Sensor' in seq 'ProcessModelPostStepRuntimeError'

TST-C-ROS-T2544    8/20/2024 1:32:10 PM ProcessModelError
Error Code: -301713, User-defined error code.
Message: 'NI-845x I2C Write Read.vi:1370001
NI-845x:  An input parameter, or combination of parameters, is invalid. An example of this error may be setting an invalid baud rate or enabling I2C ACK polling while using 10-bit addressing.' at step 'TRS05.9 - Model Revision' in seq 'ProcessModelPostStepRuntimeError'

TST-C-ROS-T2544    8/22/2024 2:18:13 PM ProcessModelError
Error Code: -301713, User-defined error code.
Message: 'NI-845x I2C Write Read.vi:1370001
NI-845x:  An input parameter, or combination of parameters, is invalid. An example of this error may be setting an invalid baud rate or enabling I2C ACK polling while using 10-bit addressing.' at step 'TRS05.9 - Model Revision' in seq 'ProcessModelPostStepRuntimeError'

TST-C-ROS-T2544    8/22/2024 4:34:26 PM ProcessModelError
Error Code: -301713, User-defined error code.
Message: 'NI-845x I2C Write Read.vi:1370001
NI-845x:  An input parameter, or combination of parameters, is invalid. An example of this error may be setting an invalid baud rate or enabling I2C ACK polling while using 10-bit addressing.' at step 'TRS05.9 - Model Revision' in seq 'ProcessModelPostStepRuntimeError'

TST-C-ROS-T2544    9/12/2024 12:21:40 PM ProcessModelError
Error Code: -301742, User-defined error code.
Message: 'NI-845x I2C Write.vi:4470001
NI-845x:  The slave did not acknowledge an address+direction byte transmitted by the I2C master.  If you are using ACK polling, consider increasing the timeout. Other reasons include the incorrect address set in the I2C configuration or the incorrect use of the 7-bit address. When entering an address to access a 7-bit device, do not include the direction bit. The NI-845x Basic I2C API internally sets the direction bit to the correct value, depending on the function (write or read). If your datasheet specifies the 7-bit device address as a byte, discard the direction bit (bit 0) and right-shift the byte value by one to create the 7-bit address.' at step 'Write Serial Number' in seq 'ProcessModelPostStepRuntimeError'

TST-C-ROS-T2544    9/12/2024 12:27:00 PM ProcessModelError
Error Code: -301742, User-defined error code.
Message: 'NI-845x I2C Write.vi:4470001
NI-845x:  The slave did not acknowledge an address+direction byte transmitted by the I2C master.  If you are using ACK polling, consider increasing the timeout. Other reasons include the incorrect address set in the I2C configuration or the incorrect use of the 7-bit address. When entering an address to access a 7-bit device, do not include the direction bit. The NI-845x Basic I2C API internally sets the direction bit to the correct value, depending on the function (write or read). If your datasheet specifies the 7-bit device address as a byte, discard the direction bit (bit 0) and right-shift the byte value by one to create the 7-bit address.' at step 'Write Serial Number' in seq 'ProcessModelPostStepRuntimeError'

TST-C-ROS-T2544    9/12/2024 12:35:30 PM ProcessModelError
Error Code: -301742, User-defined error code.
Message: 'NI-845x I2C Write.vi:4470001
NI-845x:  The slave did not acknowledge an address+direction byte transmitted by the I2C master.  If you are using ACK polling, consider increasing the timeout. Other reasons include the incorrect address set in the I2C configuration or the incorrect use of the 7-bit address. When entering an address to access a 7-bit device, do not include the direction bit. The NI-845x Basic I2C API internally sets the direction bit to the correct value, depending on the function (write or read). If your datasheet specifies the 7-bit device address as a byte, discard the direction bit (bit 0) and right-shift the byte value by one to create the 7-bit address.' at step 'Write Serial Number' in seq 'ProcessModelPostStepRuntimeError'

TST-C-ROS-T2544    9/12/2024 12:43:01 PM ProcessModelError
Error Code: -301742, User-defined error code.
Message: 'NI-845x I2C Write.vi:4470001
NI-845x:  The slave did not acknowledge an address+direction byte transmitted by the I2C master.  If you are using ACK polling, consider increasing the timeout. Other reasons include the incorrect address set in the I2C configuration or the incorrect use of the 7-bit address. When entering an address to access a 7-bit device, do not include the direction bit. The NI-845x Basic I2C API internally sets the direction bit to the correct value, depending on the function (write or read). If your datasheet specifies the 7-bit device address as a byte, discard the direction bit (bit 0) and right-shift the byte value by one to create the 7-bit address.' at step 'Write Serial Number' in seq 'ProcessModelPostStepRuntimeError'

TST-C-ROS-T2544    9/12/2024 12:44:18 PM ProcessModelError
Error Code: -301742, User-defined error code.
Message: 'NI-845x I2C Write.vi:4470001
NI-845x:  The slave did not acknowledge an address+direction byte transmitted by the I2C master.  If you are using ACK polling, consider increasing the timeout. Other reasons include the incorrect address set in the I2C configuration or the incorrect use of the 7-bit address. When entering an address to access a 7-bit device, do not include the direction bit. The NI-845x Basic I2C API internally sets the direction bit to the correct value, depending on the function (write or read). If your datasheet specifies the 7-bit device address as a byte, discard the direction bit (bit 0) and right-shift the byte value by one to create the 7-bit address.' at step 'Write Serial Number' in seq 'ProcessModelPostStepRuntimeError'

TST-C-ROS-T2544    9/12/2024 12:45:52 PM ProcessModelError
Error Code: -301742, User-defined error code.
Message: 'NI-845x I2C Write.vi:4470001
NI-845x:  The slave did not acknowledge an address+direction byte transmitted by the I2C master.  If you are using ACK polling, consider increasing the timeout. Other reasons include the incorrect address set in the I2C configuration or the incorrect use of the 7-bit address. When entering an address to access a 7-bit device, do not include the direction bit. The NI-845x Basic I2C API internally sets the direction bit to the correct value, depending on the function (write or read). If your datasheet specifies the 7-bit device address as a byte, discard the direction bit (bit 0) and right-shift the byte value by one to create the 7-bit address.' at step 'Write Serial Number' in seq 'ProcessModelPostStepRuntimeError'

TST-C-ROS-T2544    9/12/2024 7:33:05 PM ProcessModelError
Error Code: -301742, User-defined error code.
Message: 'NI-845x I2C Write.vi:4470001
NI-845x:  The slave did not acknowledge an address+direction byte transmitted by the I2C master.  If you are using ACK polling, consider increasing the timeout. Other reasons include the incorrect address set in the I2C configuration or the incorrect use of the 7-bit address. When entering an address to access a 7-bit device, do not include the direction bit. The NI-845x Basic I2C API internally sets the direction bit to the correct value, depending on the function (write or read). If your datasheet specifies the 7-bit device address as a byte, discard the direction bit (bit 0) and right-shift the byte value by one to create the 7-bit address.' at step 'Write Serial Number' in seq 'ProcessModelPostStepRuntimeError'

TST-C-ROS-T2544    9/12/2024 8:21:09 PM ProcessModelError
Error Code: -301742, User-defined error code.
Message: 'NI-845x I2C Write.vi:4470001
NI-845x:  The slave did not acknowledge an address+direction byte transmitted by the I2C master.  If you are using ACK polling, consider increasing the timeout. Other reasons include the incorrect address set in the I2C configuration or the incorrect use of the 7-bit address. When entering an address to access a 7-bit device, do not include the direction bit. The NI-845x Basic I2C API internally sets the direction bit to the correct value, depending on the function (write or read). If your datasheet specifies the 7-bit device address as a byte, discard the direction bit (bit 0) and right-shift the byte value by one to create the 7-bit address.' at step 'Write Serial Number' in seq 'ProcessModelPostStepRuntimeError'

TST-C-ROS-T2544    9/12/2024 8:34:02 PM ProcessModelError
Error Code: -301742, User-defined error code.
Message: 'NI-845x I2C Write.vi:4470001
NI-845x:  The slave did not acknowledge an address+direction byte transmitted by the I2C master.  If you are using ACK polling, consider increasing the timeout. Other reasons include the incorrect address set in the I2C configuration or the incorrect use of the 7-bit address. When entering an address to access a 7-bit device, do not include the direction bit. The NI-845x Basic I2C API internally sets the direction bit to the correct value, depending on the function (write or read). If your datasheet specifies the 7-bit device address as a byte, discard the direction bit (bit 0) and right-shift the byte value by one to create the 7-bit address.' at step 'Write Serial Number' in seq 'ProcessModelPostStepRuntimeError'

TST-C-ROS-T2544    9/12/2024 11:43:22 PM ProcessModelError
Error Code: -301742, User-defined error code.
Message: 'NI-845x I2C Write.vi:4470001
NI-845x:  The slave did not acknowledge an address+direction byte transmitted by the I2C master.  If you are using ACK polling, consider increasing the timeout. Other reasons include the incorrect address set in the I2C configuration or the incorrect use of the 7-bit address. When entering an address to access a 7-bit device, do not include the direction bit. The NI-845x Basic I2C API internally sets the direction bit to the correct value, depending on the function (write or read). If your datasheet specifies the 7-bit device address as a byte, discard the direction bit (bit 0) and right-shift the byte value by one to create the 7-bit address.' at step 'Write Serial Number' in seq 'ProcessModelPostStepRuntimeError'

TST-C-ROS-T2544    9/13/2024 12:02:33 AM ProcessModelError
Error Code: -301742, User-defined error code.
Message: 'NI-845x I2C Write.vi:4470001
NI-845x:  The slave did not acknowledge an address+direction byte transmitted by the I2C master.  If you are using ACK polling, consider increasing the timeout. Other reasons include the incorrect address set in the I2C configuration or the incorrect use of the 7-bit address. When entering an address to access a 7-bit device, do not include the direction bit. The NI-845x Basic I2C API internally sets the direction bit to the correct value, depending on the function (write or read). If your datasheet specifies the 7-bit device address as a byte, discard the direction bit (bit 0) and right-shift the byte value by one to create the 7-bit address.' at step 'Write Serial Number' in seq 'ProcessModelPostStepRuntimeError'

TST-C-ROS-T2544    9/13/2024 12:53:39 AM ProcessModelError
Error Code: -301742, User-defined error code.
Message: 'NI-845x I2C Write.vi:4470001
NI-845x:  The slave did not acknowledge an address+direction byte transmitted by the I2C master.  If you are using ACK polling, consider increasing the timeout. Other reasons include the incorrect address set in the I2C configuration or the incorrect use of the 7-bit address. When entering an address to access a 7-bit device, do not include the direction bit. The NI-845x Basic I2C API internally sets the direction bit to the correct value, depending on the function (write or read). If your datasheet specifies the 7-bit device address as a byte, discard the direction bit (bit 0) and right-shift the byte value by one to create the 7-bit address.' at step 'Write Serial Number' in seq 'ProcessModelPostStepRuntimeError'

    9/13/2024 1:10:11 AM ProcessModelError
Error Code: -1073807360, User-defined error code.
Message: 'VISA Write in Keysight E36300 Series.lvlib:Error Query.vi->Keysight E36300 Series.lvlib:Close.vi->Keysight E36300 Series.lvlib:Close.vi.ProxyCaller
VISA:  (Hex 0xBFFF0000) Unknown system error (miscellaneous error).' at step 'Disconnect E363' in seq 'ProcessModelPostStepRuntimeError'

TST-C-ROS-T2544    9/17/2024 9:53:47 AM ProcessModelError
Error Code: -301742, User-defined error code.
Message: 'NI-845x I2C Write.vi:4470001
NI-845x:  The slave did not acknowledge an address+direction byte transmitted by the I2C master.  If you are using ACK polling, consider increasing the timeout. Other reasons include the incorrect address set in the I2C configuration or the incorrect use of the 7-bit address. When entering an address to access a 7-bit device, do not include the direction bit. The NI-845x Basic I2C API internally sets the direction bit to the correct value, depending on the function (write or read). If your datasheet specifies the 7-bit device address as a byte, discard the direction bit (bit 0) and right-shift the byte value by one to create the 7-bit address.' at step 'Write Serial Number' in seq 'ProcessModelPostStepRuntimeError'

TST-C-ROS-T2544    9/18/2024 8:35:20 PM ProcessModelError
Error Code: 5000, User-defined error code.
Message: 'Webscraper.lvlib:Parse pyWebscraper data.vi
Row specified is not found within array


Complete call chain:
     Webscraper.lvlib:Parse pyWebscraper data.vi
     Webscraper.lvlib:Parse pyWebscraper data.vi.ProxyCaller' at step 'TRS09.4.1 - SDN1 Current High' in seq 'ProcessModelPostStepRuntimeError'

TST-C-ROS-T2544    9/20/2024 2:23:19 AM ProcessModelError
Error Code: -301742, User-defined error code.
Message: 'NI-845x I2C Write.vi:4470001
NI-845x:  The slave did not acknowledge an address+direction byte transmitted by the I2C master.  If you are using ACK polling, consider increasing the timeout. Other reasons include the incorrect address set in the I2C configuration or the incorrect use of the 7-bit address. When entering an address to access a 7-bit device, do not include the direction bit. The NI-845x Basic I2C API internally sets the direction bit to the correct value, depending on the function (write or read). If your datasheet specifies the 7-bit device address as a byte, discard the direction bit (bit 0) and right-shift the byte value by one to create the 7-bit address.' at step 'Write Serial Number' in seq 'ProcessModelPostStepRuntimeError'

    9/23/2024 3:33:36 PM ProcessModelError
Error Code: -1073807343, User-defined error code.
Message: 'VISA Write in Keysight E36300 Series.lvlib:Error Query.vi->Keysight E36300 Series.lvlib:Close.vi->Keysight E36300 Series.lvlib:Close.vi.ProxyCaller
VISA:  (Hex 0xBFFF0011) Insufficient location information or the device or resource is not present in the system.' at step 'Disconnect E363' in seq 'ProcessModelPostStepRuntimeError'

TST-C-ROS-T2544    9/25/2024 8:29:41 AM ProcessModelError
Error Code: -301742, User-defined error code.
Message: 'NI-845x I2C Write.vi:4470001
NI-845x:  The slave did not acknowledge an address+direction byte transmitted by the I2C master.  If you are using ACK polling, consider increasing the timeout. Other reasons include the incorrect address set in the I2C configuration or the incorrect use of the 7-bit address. When entering an address to access a 7-bit device, do not include the direction bit. The NI-845x Basic I2C API internally sets the direction bit to the correct value, depending on the function (write or read). If your datasheet specifies the 7-bit device address as a byte, discard the direction bit (bit 0) and right-shift the byte value by one to create the 7-bit address.' at step 'Write Serial Number' in seq 'ProcessModelPostStepRuntimeError'

TST-C-ROS-T2544    9/25/2024 8:39:17 AM ProcessModelError
Error Code: -301742, User-defined error code.
Message: 'NI-845x I2C Write.vi:4470001
NI-845x:  The slave did not acknowledge an address+direction byte transmitted by the I2C master.  If you are using ACK polling, consider increasing the timeout. Other reasons include the incorrect address set in the I2C configuration or the incorrect use of the 7-bit address. When entering an address to access a 7-bit device, do not include the direction bit. The NI-845x Basic I2C API internally sets the direction bit to the correct value, depending on the function (write or read). If your datasheet specifies the 7-bit device address as a byte, discard the direction bit (bit 0) and right-shift the byte value by one to create the 7-bit address.' at step 'Write Serial Number' in seq 'ProcessModelPostStepRuntimeError'

TST-C-ROS-T2544    9/25/2024 8:40:47 AM ProcessModelError
Error Code: -301742, User-defined error code.
Message: 'NI-845x I2C Write.vi:4470001
NI-845x:  The slave did not acknowledge an address+direction byte transmitted by the I2C master.  If you are using ACK polling, consider increasing the timeout. Other reasons include the incorrect address set in the I2C configuration or the incorrect use of the 7-bit address. When entering an address to access a 7-bit device, do not include the direction bit. The NI-845x Basic I2C API internally sets the direction bit to the correct value, depending on the function (write or read). If your datasheet specifies the 7-bit device address as a byte, discard the direction bit (bit 0) and right-shift the byte value by one to create the 7-bit address.' at step 'Write Serial Number' in seq 'ProcessModelPostStepRuntimeError'

TST-C-ROS-T2544    9/25/2024 8:46:37 AM ProcessModelError
Error Code: -301742, User-defined error code.
Message: 'NI-845x I2C Write.vi:4470001
NI-845x:  The slave did not acknowledge an address+direction byte transmitted by the I2C master.  If you are using ACK polling, consider increasing the timeout. Other reasons include the incorrect address set in the I2C configuration or the incorrect use of the 7-bit address. When entering an address to access a 7-bit device, do not include the direction bit. The NI-845x Basic I2C API internally sets the direction bit to the correct value, depending on the function (write or read). If your datasheet specifies the 7-bit device address as a byte, discard the direction bit (bit 0) and right-shift the byte value by one to create the 7-bit address.' at step 'Write Serial Number' in seq 'ProcessModelPostStepRuntimeError'

TST-C-ROS-T2544    9/25/2024 8:52:23 AM ProcessModelError
Error Code: -301742, User-defined error code.
Message: 'NI-845x I2C Write.vi:4470001
NI-845x:  The slave did not acknowledge an address+direction byte transmitted by the I2C master.  If you are using ACK polling, consider increasing the timeout. Other reasons include the incorrect address set in the I2C configuration or the incorrect use of the 7-bit address. When entering an address to access a 7-bit device, do not include the direction bit. The NI-845x Basic I2C API internally sets the direction bit to the correct value, depending on the function (write or read). If your datasheet specifies the 7-bit device address as a byte, discard the direction bit (bit 0) and right-shift the byte value by one to create the 7-bit address.' at step 'Write Serial Number' in seq 'ProcessModelPostStepRuntimeError'

TST-C-ROS-T2544    9/25/2024 9:01:01 AM ProcessModelError
Error Code: -301742, User-defined error code.
Message: 'NI-845x I2C Write.vi:4470001
NI-845x:  The slave did not acknowledge an address+direction byte transmitted by the I2C master.  If you are using ACK polling, consider increasing the timeout. Other reasons include the incorrect address set in the I2C configuration or the incorrect use of the 7-bit address. When entering an address to access a 7-bit device, do not include the direction bit. The NI-845x Basic I2C API internally sets the direction bit to the correct value, depending on the function (write or read). If your datasheet specifies the 7-bit device address as a byte, discard the direction bit (bit 0) and right-shift the byte value by one to create the 7-bit address.' at step 'Write Serial Number' in seq 'ProcessModelPostStepRuntimeError'

TST-C-ROS-T2544    9/25/2024 9:21:41 AM ProcessModelError
Error Code: -301742, User-defined error code.
Message: 'NI-845x I2C Write.vi:4470001
NI-845x:  The slave did not acknowledge an address+direction byte transmitted by the I2C master.  If you are using ACK polling, consider increasing the timeout. Other reasons include the incorrect address set in the I2C configuration or the incorrect use of the 7-bit address. When entering an address to access a 7-bit device, do not include the direction bit. The NI-845x Basic I2C API internally sets the direction bit to the correct value, depending on the function (write or read). If your datasheet specifies the 7-bit device address as a byte, discard the direction bit (bit 0) and right-shift the byte value by one to create the 7-bit address.' at step 'Write Serial Number' in seq 'ProcessModelPostStepRuntimeError'

TST-C-ROS-T2544    9/25/2024 9:46:07 AM ProcessModelError
Error Code: -301742, User-defined error code.
Message: 'NI-845x I2C Write.vi:4470001
NI-845x:  The slave did not acknowledge an address+direction byte transmitted by the I2C master.  If you are using ACK polling, consider increasing the timeout. Other reasons include the incorrect address set in the I2C configuration or the incorrect use of the 7-bit address. When entering an address to access a 7-bit device, do not include the direction bit. The NI-845x Basic I2C API internally sets the direction bit to the correct value, depending on the function (write or read). If your datasheet specifies the 7-bit device address as a byte, discard the direction bit (bit 0) and right-shift the byte value by one to create the 7-bit address.' at step 'Write Serial Number' in seq 'ProcessModelPostStepRuntimeError'

TST-C-ROS-T2544    9/25/2024 9:56:40 AM ProcessModelError
Error Code: -301742, User-defined error code.
Message: 'NI-845x I2C Write.vi:4470001
NI-845x:  The slave did not acknowledge an address+direction byte transmitted by the I2C master.  If you are using ACK polling, consider increasing the timeout. Other reasons include the incorrect address set in the I2C configuration or the incorrect use of the 7-bit address. When entering an address to access a 7-bit device, do not include the direction bit. The NI-845x Basic I2C API internally sets the direction bit to the correct value, depending on the function (write or read). If your datasheet specifies the 7-bit device address as a byte, discard the direction bit (bit 0) and right-shift the byte value by one to create the 7-bit address.' at step 'Write Serial Number' in seq 'ProcessModelPostStepRuntimeError'

TST-C-ROS-T2544    9/25/2024 9:58:32 AM ProcessModelError
Error Code: -301742, User-defined error code.
Message: 'NI-845x I2C Write.vi:4470001
NI-845x:  The slave did not acknowledge an address+direction byte transmitted by the I2C master.  If you are using ACK polling, consider increasing the timeout. Other reasons include the incorrect address set in the I2C configuration or the incorrect use of the 7-bit address. When entering an address to access a 7-bit device, do not include the direction bit. The NI-845x Basic I2C API internally sets the direction bit to the correct value, depending on the function (write or read). If your datasheet specifies the 7-bit device address as a byte, discard the direction bit (bit 0) and right-shift the byte value by one to create the 7-bit address.' at step 'Write Serial Number' in seq 'ProcessModelPostStepRuntimeError'

TST-C-ROS-T2544    9/25/2024 10:19:32 AM ProcessModelError
Error Code: -301742, User-defined error code.
Message: 'NI-845x I2C Write.vi:4470001
NI-845x:  The slave did not acknowledge an address+direction byte transmitted by the I2C master.  If you are using ACK polling, consider increasing the timeout. Other reasons include the incorrect address set in the I2C configuration or the incorrect use of the 7-bit address. When entering an address to access a 7-bit device, do not include the direction bit. The NI-845x Basic I2C API internally sets the direction bit to the correct value, depending on the function (write or read). If your datasheet specifies the 7-bit device address as a byte, discard the direction bit (bit 0) and right-shift the byte value by one to create the 7-bit address.' at step 'Write Serial Number' in seq 'ProcessModelPostStepRuntimeError'

TST-C-ROS-T2544    9/25/2024 10:22:03 AM ProcessModelError
Error Code: -301742, User-defined error code.
Message: 'NI-845x I2C Write.vi:4470001
NI-845x:  The slave did not acknowledge an address+direction byte transmitted by the I2C master.  If you are using ACK polling, consider increasing the timeout. Other reasons include the incorrect address set in the I2C configuration or the incorrect use of the 7-bit address. When entering an address to access a 7-bit device, do not include the direction bit. The NI-845x Basic I2C API internally sets the direction bit to the correct value, depending on the function (write or read). If your datasheet specifies the 7-bit device address as a byte, discard the direction bit (bit 0) and right-shift the byte value by one to create the 7-bit address.' at step 'Write Serial Number' in seq 'ProcessModelPostStepRuntimeError'

TST-C-ROS-T2544    9/25/2024 11:05:29 AM ProcessModelError
Error Code: -301742, User-defined error code.
Message: 'NI-845x I2C Write.vi:4470001
NI-845x:  The slave did not acknowledge an address+direction byte transmitted by the I2C master.  If you are using ACK polling, consider increasing the timeout. Other reasons include the incorrect address set in the I2C configuration or the incorrect use of the 7-bit address. When entering an address to access a 7-bit device, do not include the direction bit. The NI-845x Basic I2C API internally sets the direction bit to the correct value, depending on the function (write or read). If your datasheet specifies the 7-bit device address as a byte, discard the direction bit (bit 0) and right-shift the byte value by one to create the 7-bit address.' at step 'Write Serial Number' in seq 'ProcessModelPostStepRuntimeError'

TST-C-ROS-T2544    9/25/2024 11:59:34 AM ProcessModelError
Error Code: -301742, User-defined error code.
Message: 'NI-845x I2C Write.vi:4470001
NI-845x:  The slave did not acknowledge an address+direction byte transmitted by the I2C master.  If you are using ACK polling, consider increasing the timeout. Other reasons include the incorrect address set in the I2C configuration or the incorrect use of the 7-bit address. When entering an address to access a 7-bit device, do not include the direction bit. The NI-845x Basic I2C API internally sets the direction bit to the correct value, depending on the function (write or read). If your datasheet specifies the 7-bit device address as a byte, discard the direction bit (bit 0) and right-shift the byte value by one to create the 7-bit address.' at step 'Write Serial Number' in seq 'ProcessModelPostStepRuntimeError'

TST-C-ROS-T2544    9/25/2024 12:01:42 PM ProcessModelError
Error Code: -301742, User-defined error code.
Message: 'NI-845x I2C Write.vi:4470001
NI-845x:  The slave did not acknowledge an address+direction byte transmitted by the I2C master.  If you are using ACK polling, consider increasing the timeout. Other reasons include the incorrect address set in the I2C configuration or the incorrect use of the 7-bit address. When entering an address to access a 7-bit device, do not include the direction bit. The NI-845x Basic I2C API internally sets the direction bit to the correct value, depending on the function (write or read). If your datasheet specifies the 7-bit device address as a byte, discard the direction bit (bit 0) and right-shift the byte value by one to create the 7-bit address.' at step 'Write Serial Number' in seq 'ProcessModelPostStepRuntimeError'

TST-C-ROS-T2544    9/25/2024 12:03:58 PM ProcessModelError
Error Code: -301742, User-defined error code.
Message: 'NI-845x I2C Write.vi:4470001
NI-845x:  The slave did not acknowledge an address+direction byte transmitted by the I2C master.  If you are using ACK polling, consider increasing the timeout. Other reasons include the incorrect address set in the I2C configuration or the incorrect use of the 7-bit address. When entering an address to access a 7-bit device, do not include the direction bit. The NI-845x Basic I2C API internally sets the direction bit to the correct value, depending on the function (write or read). If your datasheet specifies the 7-bit device address as a byte, discard the direction bit (bit 0) and right-shift the byte value by one to create the 7-bit address.' at step 'Write Serial Number' in seq 'ProcessModelPostStepRuntimeError'

TST-C-ROS-T2544    9/25/2024 12:31:24 PM ProcessModelError
Error Code: -301742, User-defined error code.
Message: 'NI-845x I2C Write.vi:4470001
NI-845x:  The slave did not acknowledge an address+direction byte transmitted by the I2C master.  If you are using ACK polling, consider increasing the timeout. Other reasons include the incorrect address set in the I2C configuration or the incorrect use of the 7-bit address. When entering an address to access a 7-bit device, do not include the direction bit. The NI-845x Basic I2C API internally sets the direction bit to the correct value, depending on the function (write or read). If your datasheet specifies the 7-bit device address as a byte, discard the direction bit (bit 0) and right-shift the byte value by one to create the 7-bit address.' at step 'Write Serial Number' in seq 'ProcessModelPostStepRuntimeError'

TST-C-ROS-T2544    9/25/2024 12:38:04 PM ProcessModelError
Error Code: -301742, User-defined error code.
Message: 'NI-845x I2C Write.vi:4470001
NI-845x:  The slave did not acknowledge an address+direction byte transmitted by the I2C master.  If you are using ACK polling, consider increasing the timeout. Other reasons include the incorrect address set in the I2C configuration or the incorrect use of the 7-bit address. When entering an address to access a 7-bit device, do not include the direction bit. The NI-845x Basic I2C API internally sets the direction bit to the correct value, depending on the function (write or read). If your datasheet specifies the 7-bit device address as a byte, discard the direction bit (bit 0) and right-shift the byte value by one to create the 7-bit address.' at step 'Write Serial Number' in seq 'ProcessModelPostStepRuntimeError'

TST-C-ROS-T2544    9/25/2024 12:55:02 PM ProcessModelError
Error Code: -301742, User-defined error code.
Message: 'NI-845x I2C Write.vi:4470001
NI-845x:  The slave did not acknowledge an address+direction byte transmitted by the I2C master.  If you are using ACK polling, consider increasing the timeout. Other reasons include the incorrect address set in the I2C configuration or the incorrect use of the 7-bit address. When entering an address to access a 7-bit device, do not include the direction bit. The NI-845x Basic I2C API internally sets the direction bit to the correct value, depending on the function (write or read). If your datasheet specifies the 7-bit device address as a byte, discard the direction bit (bit 0) and right-shift the byte value by one to create the 7-bit address.' at step 'Write Serial Number' in seq 'ProcessModelPostStepRuntimeError'

TST-C-ROS-T2544    9/25/2024 1:01:16 PM ProcessModelError
Error Code: -301742, User-defined error code.
Message: 'NI-845x I2C Write.vi:4470001
NI-845x:  The slave did not acknowledge an address+direction byte transmitted by the I2C master.  If you are using ACK polling, consider increasing the timeout. Other reasons include the incorrect address set in the I2C configuration or the incorrect use of the 7-bit address. When entering an address to access a 7-bit device, do not include the direction bit. The NI-845x Basic I2C API internally sets the direction bit to the correct value, depending on the function (write or read). If your datasheet specifies the 7-bit device address as a byte, discard the direction bit (bit 0) and right-shift the byte value by one to create the 7-bit address.' at step 'Write Serial Number' in seq 'ProcessModelPostStepRuntimeError'

TST-C-ROS-T2544    9/25/2024 1:06:58 PM ProcessModelError
Error Code: -301742, User-defined error code.
Message: 'NI-845x I2C Write.vi:4470001
NI-845x:  The slave did not acknowledge an address+direction byte transmitted by the I2C master.  If you are using ACK polling, consider increasing the timeout. Other reasons include the incorrect address set in the I2C configuration or the incorrect use of the 7-bit address. When entering an address to access a 7-bit device, do not include the direction bit. The NI-845x Basic I2C API internally sets the direction bit to the correct value, depending on the function (write or read). If your datasheet specifies the 7-bit device address as a byte, discard the direction bit (bit 0) and right-shift the byte value by one to create the 7-bit address.' at step 'Write Serial Number' in seq 'ProcessModelPostStepRuntimeError'

TST-C-ROS-T2544    9/25/2024 1:08:57 PM ProcessModelError
Error Code: -301742, User-defined error code.
Message: 'NI-845x I2C Write.vi:4470001
NI-845x:  The slave did not acknowledge an address+direction byte transmitted by the I2C master.  If you are using ACK polling, consider increasing the timeout. Other reasons include the incorrect address set in the I2C configuration or the incorrect use of the 7-bit address. When entering an address to access a 7-bit device, do not include the direction bit. The NI-845x Basic I2C API internally sets the direction bit to the correct value, depending on the function (write or read). If your datasheet specifies the 7-bit device address as a byte, discard the direction bit (bit 0) and right-shift the byte value by one to create the 7-bit address.' at step 'Write Serial Number' in seq 'ProcessModelPostStepRuntimeError'

TST-C-ROS-T2544    9/25/2024 1:10:58 PM ProcessModelError
Error Code: -301742, User-defined error code.
Message: 'NI-845x I2C Write.vi:4470001
NI-845x:  The slave did not acknowledge an address+direction byte transmitted by the I2C master.  If you are using ACK polling, consider increasing the timeout. Other reasons include the incorrect address set in the I2C configuration or the incorrect use of the 7-bit address. When entering an address to access a 7-bit device, do not include the direction bit. The NI-845x Basic I2C API internally sets the direction bit to the correct value, depending on the function (write or read). If your datasheet specifies the 7-bit device address as a byte, discard the direction bit (bit 0) and right-shift the byte value by one to create the 7-bit address.' at step 'Write Serial Number' in seq 'ProcessModelPostStepRuntimeError'

TST-C-ROS-T2544    9/25/2024 1:18:25 PM ProcessModelError
Error Code: -301742, User-defined error code.
Message: 'NI-845x I2C Write.vi:4470001
NI-845x:  The slave did not acknowledge an address+direction byte transmitted by the I2C master.  If you are using ACK polling, consider increasing the timeout. Other reasons include the incorrect address set in the I2C configuration or the incorrect use of the 7-bit address. When entering an address to access a 7-bit device, do not include the direction bit. The NI-845x Basic I2C API internally sets the direction bit to the correct value, depending on the function (write or read). If your datasheet specifies the 7-bit device address as a byte, discard the direction bit (bit 0) and right-shift the byte value by one to create the 7-bit address.' at step 'Write Serial Number' in seq 'ProcessModelPostStepRuntimeError'

TST-C-ROS-T2544    9/25/2024 1:27:55 PM ProcessModelError
Error Code: -301742, User-defined error code.
Message: 'NI-845x I2C Write.vi:4470001
NI-845x:  The slave did not acknowledge an address+direction byte transmitted by the I2C master.  If you are using ACK polling, consider increasing the timeout. Other reasons include the incorrect address set in the I2C configuration or the incorrect use of the 7-bit address. When entering an address to access a 7-bit device, do not include the direction bit. The NI-845x Basic I2C API internally sets the direction bit to the correct value, depending on the function (write or read). If your datasheet specifies the 7-bit device address as a byte, discard the direction bit (bit 0) and right-shift the byte value by one to create the 7-bit address.' at step 'Write Serial Number' in seq 'ProcessModelPostStepRuntimeError'

TST-C-ROS-T2544    9/25/2024 1:29:52 PM ProcessModelError
Error Code: -301742, User-defined error code.
Message: 'NI-845x I2C Write.vi:4470001
NI-845x:  The slave did not acknowledge an address+direction byte transmitted by the I2C master.  If you are using ACK polling, consider increasing the timeout. Other reasons include the incorrect address set in the I2C configuration or the incorrect use of the 7-bit address. When entering an address to access a 7-bit device, do not include the direction bit. The NI-845x Basic I2C API internally sets the direction bit to the correct value, depending on the function (write or read). If your datasheet specifies the 7-bit device address as a byte, discard the direction bit (bit 0) and right-shift the byte value by one to create the 7-bit address.' at step 'Write Serial Number' in seq 'ProcessModelPostStepRuntimeError'

TST-C-ROS-T2544    9/25/2024 1:31:42 PM ProcessModelError
Error Code: -301742, User-defined error code.
Message: 'NI-845x I2C Write.vi:4470001
NI-845x:  The slave did not acknowledge an address+direction byte transmitted by the I2C master.  If you are using ACK polling, consider increasing the timeout. Other reasons include the incorrect address set in the I2C configuration or the incorrect use of the 7-bit address. When entering an address to access a 7-bit device, do not include the direction bit. The NI-845x Basic I2C API internally sets the direction bit to the correct value, depending on the function (write or read). If your datasheet specifies the 7-bit device address as a byte, discard the direction bit (bit 0) and right-shift the byte value by one to create the 7-bit address.' at step 'Write Serial Number' in seq 'ProcessModelPostStepRuntimeError'

TST-C-ROS-T2544    9/25/2024 1:33:19 PM ProcessModelError
Error Code: -301742, User-defined error code.
Message: 'NI-845x I2C Write.vi:4470001
NI-845x:  The slave did not acknowledge an address+direction byte transmitted by the I2C master.  If you are using ACK polling, consider increasing the timeout. Other reasons include the incorrect address set in the I2C configuration or the incorrect use of the 7-bit address. When entering an address to access a 7-bit device, do not include the direction bit. The NI-845x Basic I2C API internally sets the direction bit to the correct value, depending on the function (write or read). If your datasheet specifies the 7-bit device address as a byte, discard the direction bit (bit 0) and right-shift the byte value by one to create the 7-bit address.' at step 'Write Serial Number' in seq 'ProcessModelPostStepRuntimeError'

TST-C-ROS-T2544    9/25/2024 1:39:15 PM ProcessModelError
Error Code: -301742, User-defined error code.
Message: 'NI-845x I2C Write.vi:4470001
NI-845x:  The slave did not acknowledge an address+direction byte transmitted by the I2C master.  If you are using ACK polling, consider increasing the timeout. Other reasons include the incorrect address set in the I2C configuration or the incorrect use of the 7-bit address. When entering an address to access a 7-bit device, do not include the direction bit. The NI-845x Basic I2C API internally sets the direction bit to the correct value, depending on the function (write or read). If your datasheet specifies the 7-bit device address as a byte, discard the direction bit (bit 0) and right-shift the byte value by one to create the 7-bit address.' at step 'Write Serial Number' in seq 'ProcessModelPostStepRuntimeError'

TST-C-ROS-T2544    9/25/2024 1:44:42 PM ProcessModelError
Error Code: -301742, User-defined error code.
Message: 'NI-845x I2C Write.vi:4470001
NI-845x:  The slave did not acknowledge an address+direction byte transmitted by the I2C master.  If you are using ACK polling, consider increasing the timeout. Other reasons include the incorrect address set in the I2C configuration or the incorrect use of the 7-bit address. When entering an address to access a 7-bit device, do not include the direction bit. The NI-845x Basic I2C API internally sets the direction bit to the correct value, depending on the function (write or read). If your datasheet specifies the 7-bit device address as a byte, discard the direction bit (bit 0) and right-shift the byte value by one to create the 7-bit address.' at step 'Write Serial Number' in seq 'ProcessModelPostStepRuntimeError'

TST-C-ROS-T2544    9/25/2024 1:47:49 PM ProcessModelError
Error Code: -301742, User-defined error code.
Message: 'NI-845x I2C Write.vi:4470001
NI-845x:  The slave did not acknowledge an address+direction byte transmitted by the I2C master.  If you are using ACK polling, consider increasing the timeout. Other reasons include the incorrect address set in the I2C configuration or the incorrect use of the 7-bit address. When entering an address to access a 7-bit device, do not include the direction bit. The NI-845x Basic I2C API internally sets the direction bit to the correct value, depending on the function (write or read). If your datasheet specifies the 7-bit device address as a byte, discard the direction bit (bit 0) and right-shift the byte value by one to create the 7-bit address.' at step 'Write Serial Number' in seq 'ProcessModelPostStepRuntimeError'

TST-C-ROS-T2544    9/25/2024 1:53:46 PM ProcessModelError
Error Code: -301742, User-defined error code.
Message: 'NI-845x I2C Write.vi:4470001
NI-845x:  The slave did not acknowledge an address+direction byte transmitted by the I2C master.  If you are using ACK polling, consider increasing the timeout. Other reasons include the incorrect address set in the I2C configuration or the incorrect use of the 7-bit address. When entering an address to access a 7-bit device, do not include the direction bit. The NI-845x Basic I2C API internally sets the direction bit to the correct value, depending on the function (write or read). If your datasheet specifies the 7-bit device address as a byte, discard the direction bit (bit 0) and right-shift the byte value by one to create the 7-bit address.' at step 'Write Serial Number' in seq 'ProcessModelPostStepRuntimeError'

TST-C-ROS-T2544    9/25/2024 1:55:32 PM ProcessModelError
Error Code: -301742, User-defined error code.
Message: 'NI-845x I2C Write.vi:4470001
NI-845x:  The slave did not acknowledge an address+direction byte transmitted by the I2C master.  If you are using ACK polling, consider increasing the timeout. Other reasons include the incorrect address set in the I2C configuration or the incorrect use of the 7-bit address. When entering an address to access a 7-bit device, do not include the direction bit. The NI-845x Basic I2C API internally sets the direction bit to the correct value, depending on the function (write or read). If your datasheet specifies the 7-bit device address as a byte, discard the direction bit (bit 0) and right-shift the byte value by one to create the 7-bit address.' at step 'Write Serial Number' in seq 'ProcessModelPostStepRuntimeError'

TST-C-ROS-T2544    9/25/2024 1:57:09 PM ProcessModelError
Error Code: -301742, User-defined error code.
Message: 'NI-845x I2C Write.vi:4470001
NI-845x:  The slave did not acknowledge an address+direction byte transmitted by the I2C master.  If you are using ACK polling, consider increasing the timeout. Other reasons include the incorrect address set in the I2C configuration or the incorrect use of the 7-bit address. When entering an address to access a 7-bit device, do not include the direction bit. The NI-845x Basic I2C API internally sets the direction bit to the correct value, depending on the function (write or read). If your datasheet specifies the 7-bit device address as a byte, discard the direction bit (bit 0) and right-shift the byte value by one to create the 7-bit address.' at step 'Write Serial Number' in seq 'ProcessModelPostStepRuntimeError'

TST-C-ROS-T2544    9/25/2024 3:59:58 PM ProcessModelError
Error Code: -301742, User-defined error code.
Message: 'NI-845x I2C Write.vi:4470001
NI-845x:  The slave did not acknowledge an address+direction byte transmitted by the I2C master.  If you are using ACK polling, consider increasing the timeout. Other reasons include the incorrect address set in the I2C configuration or the incorrect use of the 7-bit address. When entering an address to access a 7-bit device, do not include the direction bit. The NI-845x Basic I2C API internally sets the direction bit to the correct value, depending on the function (write or read). If your datasheet specifies the 7-bit device address as a byte, discard the direction bit (bit 0) and right-shift the byte value by one to create the 7-bit address.' at step 'Write Serial Number' in seq 'ProcessModelPostStepRuntimeError'

TST-C-ROS-T2544    9/25/2024 4:02:16 PM ProcessModelError
Error Code: -301742, User-defined error code.
Message: 'NI-845x I2C Write.vi:4470001
NI-845x:  The slave did not acknowledge an address+direction byte transmitted by the I2C master.  If you are using ACK polling, consider increasing the timeout. Other reasons include the incorrect address set in the I2C configuration or the incorrect use of the 7-bit address. When entering an address to access a 7-bit device, do not include the direction bit. The NI-845x Basic I2C API internally sets the direction bit to the correct value, depending on the function (write or read). If your datasheet specifies the 7-bit device address as a byte, discard the direction bit (bit 0) and right-shift the byte value by one to create the 7-bit address.' at step 'Write Serial Number' in seq 'ProcessModelPostStepRuntimeError'

TST-C-ROS-T2544    9/25/2024 4:09:51 PM ProcessModelError
Error Code: -301742, User-defined error code.
Message: 'NI-845x I2C Write.vi:4470001
NI-845x:  The slave did not acknowledge an address+direction byte transmitted by the I2C master.  If you are using ACK polling, consider increasing the timeout. Other reasons include the incorrect address set in the I2C configuration or the incorrect use of the 7-bit address. When entering an address to access a 7-bit device, do not include the direction bit. The NI-845x Basic I2C API internally sets the direction bit to the correct value, depending on the function (write or read). If your datasheet specifies the 7-bit device address as a byte, discard the direction bit (bit 0) and right-shift the byte value by one to create the 7-bit address.' at step 'Write Serial Number' in seq 'ProcessModelPostStepRuntimeError'

TST-C-ROS-T2544    9/25/2024 4:16:16 PM ProcessModelError
Error Code: -301742, User-defined error code.
Message: 'NI-845x I2C Write.vi:4470001
NI-845x:  The slave did not acknowledge an address+direction byte transmitted by the I2C master.  If you are using ACK polling, consider increasing the timeout. Other reasons include the incorrect address set in the I2C configuration or the incorrect use of the 7-bit address. When entering an address to access a 7-bit device, do not include the direction bit. The NI-845x Basic I2C API internally sets the direction bit to the correct value, depending on the function (write or read). If your datasheet specifies the 7-bit device address as a byte, discard the direction bit (bit 0) and right-shift the byte value by one to create the 7-bit address.' at step 'Write Serial Number' in seq 'ProcessModelPostStepRuntimeError'

TST-C-ROS-T2544    9/25/2024 4:31:05 PM ProcessModelError
Error Code: -301742, User-defined error code.
Message: 'NI-845x I2C Write.vi:4470001
NI-845x:  The slave did not acknowledge an address+direction byte transmitted by the I2C master.  If you are using ACK polling, consider increasing the timeout. Other reasons include the incorrect address set in the I2C configuration or the incorrect use of the 7-bit address. When entering an address to access a 7-bit device, do not include the direction bit. The NI-845x Basic I2C API internally sets the direction bit to the correct value, depending on the function (write or read). If your datasheet specifies the 7-bit device address as a byte, discard the direction bit (bit 0) and right-shift the byte value by one to create the 7-bit address.' at step 'Write Serial Number' in seq 'ProcessModelPostStepRuntimeError'

TST-C-ROS-T2544    9/25/2024 4:37:38 PM ProcessModelError
Error Code: -301742, User-defined error code.
Message: 'NI-845x I2C Write.vi:4470001
NI-845x:  The slave did not acknowledge an address+direction byte transmitted by the I2C master.  If you are using ACK polling, consider increasing the timeout. Other reasons include the incorrect address set in the I2C configuration or the incorrect use of the 7-bit address. When entering an address to access a 7-bit device, do not include the direction bit. The NI-845x Basic I2C API internally sets the direction bit to the correct value, depending on the function (write or read). If your datasheet specifies the 7-bit device address as a byte, discard the direction bit (bit 0) and right-shift the byte value by one to create the 7-bit address.' at step 'Write Serial Number' in seq 'ProcessModelPostStepRuntimeError'

TST-C-ROS-T2544    9/25/2024 4:50:28 PM ProcessModelError
Error Code: -301742, User-defined error code.
Message: 'NI-845x I2C Write.vi:4470001
NI-845x:  The slave did not acknowledge an address+direction byte transmitted by the I2C master.  If you are using ACK polling, consider increasing the timeout. Other reasons include the incorrect address set in the I2C configuration or the incorrect use of the 7-bit address. When entering an address to access a 7-bit device, do not include the direction bit. The NI-845x Basic I2C API internally sets the direction bit to the correct value, depending on the function (write or read). If your datasheet specifies the 7-bit device address as a byte, discard the direction bit (bit 0) and right-shift the byte value by one to create the 7-bit address.' at step 'Write Serial Number' in seq 'ProcessModelPostStepRuntimeError'

TST-C-ROS-T2544    9/25/2024 4:54:46 PM ProcessModelError
Error Code: -301742, User-defined error code.
Message: 'NI-845x I2C Write.vi:4470001
NI-845x:  The slave did not acknowledge an address+direction byte transmitted by the I2C master.  If you are using ACK polling, consider increasing the timeout. Other reasons include the incorrect address set in the I2C configuration or the incorrect use of the 7-bit address. When entering an address to access a 7-bit device, do not include the direction bit. The NI-845x Basic I2C API internally sets the direction bit to the correct value, depending on the function (write or read). If your datasheet specifies the 7-bit device address as a byte, discard the direction bit (bit 0) and right-shift the byte value by one to create the 7-bit address.' at step 'Write Serial Number' in seq 'ProcessModelPostStepRuntimeError'

TST-C-ROS-T2544    9/25/2024 5:07:08 PM ProcessModelError
Error Code: -301742, User-defined error code.
Message: 'NI-845x I2C Write.vi:4470001
NI-845x:  The slave did not acknowledge an address+direction byte transmitted by the I2C master.  If you are using ACK polling, consider increasing the timeout. Other reasons include the incorrect address set in the I2C configuration or the incorrect use of the 7-bit address. When entering an address to access a 7-bit device, do not include the direction bit. The NI-845x Basic I2C API internally sets the direction bit to the correct value, depending on the function (write or read). If your datasheet specifies the 7-bit device address as a byte, discard the direction bit (bit 0) and right-shift the byte value by one to create the 7-bit address.' at step 'Write Serial Number' in seq 'ProcessModelPostStepRuntimeError'

TST-C-ROS-T2544    9/25/2024 5:16:25 PM ProcessModelError
Error Code: -301742, User-defined error code.
Message: 'NI-845x I2C Write.vi:4470001
NI-845x:  The slave did not acknowledge an address+direction byte transmitted by the I2C master.  If you are using ACK polling, consider increasing the timeout. Other reasons include the incorrect address set in the I2C configuration or the incorrect use of the 7-bit address. When entering an address to access a 7-bit device, do not include the direction bit. The NI-845x Basic I2C API internally sets the direction bit to the correct value, depending on the function (write or read). If your datasheet specifies the 7-bit device address as a byte, discard the direction bit (bit 0) and right-shift the byte value by one to create the 7-bit address.' at step 'Write Serial Number' in seq 'ProcessModelPostStepRuntimeError'

TST-C-ROS-T2544    9/25/2024 5:51:20 PM ProcessModelError
Error Code: -301742, User-defined error code.
Message: 'NI-845x I2C Write.vi:4470001
NI-845x:  The slave did not acknowledge an address+direction byte transmitted by the I2C master.  If you are using ACK polling, consider increasing the timeout. Other reasons include the incorrect address set in the I2C configuration or the incorrect use of the 7-bit address. When entering an address to access a 7-bit device, do not include the direction bit. The NI-845x Basic I2C API internally sets the direction bit to the correct value, depending on the function (write or read). If your datasheet specifies the 7-bit device address as a byte, discard the direction bit (bit 0) and right-shift the byte value by one to create the 7-bit address.' at step 'Write Serial Number' in seq 'ProcessModelPostStepRuntimeError'

TST-C-ROS-T2544    9/25/2024 5:56:36 PM ProcessModelError
Error Code: -301742, User-defined error code.
Message: 'NI-845x I2C Write.vi:4470001
NI-845x:  The slave did not acknowledge an address+direction byte transmitted by the I2C master.  If you are using ACK polling, consider increasing the timeout. Other reasons include the incorrect address set in the I2C configuration or the incorrect use of the 7-bit address. When entering an address to access a 7-bit device, do not include the direction bit. The NI-845x Basic I2C API internally sets the direction bit to the correct value, depending on the function (write or read). If your datasheet specifies the 7-bit device address as a byte, discard the direction bit (bit 0) and right-shift the byte value by one to create the 7-bit address.' at step 'Write Serial Number' in seq 'ProcessModelPostStepRuntimeError'

TST-C-ROS-T2544    9/25/2024 5:59:48 PM ProcessModelError
Error Code: -301742, User-defined error code.
Message: 'NI-845x I2C Write.vi:4470001
NI-845x:  The slave did not acknowledge an address+direction byte transmitted by the I2C master.  If you are using ACK polling, consider increasing the timeout. Other reasons include the incorrect address set in the I2C configuration or the incorrect use of the 7-bit address. When entering an address to access a 7-bit device, do not include the direction bit. The NI-845x Basic I2C API internally sets the direction bit to the correct value, depending on the function (write or read). If your datasheet specifies the 7-bit device address as a byte, discard the direction bit (bit 0) and right-shift the byte value by one to create the 7-bit address.' at step 'Write Serial Number' in seq 'ProcessModelPostStepRuntimeError'

TST-C-ROS-T2544    9/25/2024 6:16:09 PM ProcessModelError
Error Code: -301742, User-defined error code.
Message: 'NI-845x I2C Write.vi:4470001
NI-845x:  The slave did not acknowledge an address+direction byte transmitted by the I2C master.  If you are using ACK polling, consider increasing the timeout. Other reasons include the incorrect address set in the I2C configuration or the incorrect use of the 7-bit address. When entering an address to access a 7-bit device, do not include the direction bit. The NI-845x Basic I2C API internally sets the direction bit to the correct value, depending on the function (write or read). If your datasheet specifies the 7-bit device address as a byte, discard the direction bit (bit 0) and right-shift the byte value by one to create the 7-bit address.' at step 'Write Serial Number' in seq 'ProcessModelPostStepRuntimeError'

TST-C-ROS-T2544    9/25/2024 6:27:16 PM ProcessModelError
Error Code: -301742, User-defined error code.
Message: 'NI-845x I2C Write.vi:4470001
NI-845x:  The slave did not acknowledge an address+direction byte transmitted by the I2C master.  If you are using ACK polling, consider increasing the timeout. Other reasons include the incorrect address set in the I2C configuration or the incorrect use of the 7-bit address. When entering an address to access a 7-bit device, do not include the direction bit. The NI-845x Basic I2C API internally sets the direction bit to the correct value, depending on the function (write or read). If your datasheet specifies the 7-bit device address as a byte, discard the direction bit (bit 0) and right-shift the byte value by one to create the 7-bit address.' at step 'Write Serial Number' in seq 'ProcessModelPostStepRuntimeError'

TST-C-ROS-T2544    9/25/2024 6:43:48 PM ProcessModelError
Error Code: -301742, User-defined error code.
Message: 'NI-845x I2C Write.vi:4470001
NI-845x:  The slave did not acknowledge an address+direction byte transmitted by the I2C master.  If you are using ACK polling, consider increasing the timeout. Other reasons include the incorrect address set in the I2C configuration or the incorrect use of the 7-bit address. When entering an address to access a 7-bit device, do not include the direction bit. The NI-845x Basic I2C API internally sets the direction bit to the correct value, depending on the function (write or read). If your datasheet specifies the 7-bit device address as a byte, discard the direction bit (bit 0) and right-shift the byte value by one to create the 7-bit address.' at step 'Write Serial Number' in seq 'ProcessModelPostStepRuntimeError'

TST-C-ROS-T2544    9/25/2024 6:46:26 PM ProcessModelError
Error Code: -301742, User-defined error code.
Message: 'NI-845x I2C Write.vi:4470001
NI-845x:  The slave did not acknowledge an address+direction byte transmitted by the I2C master.  If you are using ACK polling, consider increasing the timeout. Other reasons include the incorrect address set in the I2C configuration or the incorrect use of the 7-bit address. When entering an address to access a 7-bit device, do not include the direction bit. The NI-845x Basic I2C API internally sets the direction bit to the correct value, depending on the function (write or read). If your datasheet specifies the 7-bit device address as a byte, discard the direction bit (bit 0) and right-shift the byte value by one to create the 7-bit address.' at step 'Write Serial Number' in seq 'ProcessModelPostStepRuntimeError'

TST-C-ROS-T2544    9/25/2024 7:49:16 PM ProcessModelError
Error Code: -301742, User-defined error code.
Message: 'NI-845x I2C Write.vi:4470001
NI-845x:  The slave did not acknowledge an address+direction byte transmitted by the I2C master.  If you are using ACK polling, consider increasing the timeout. Other reasons include the incorrect address set in the I2C configuration or the incorrect use of the 7-bit address. When entering an address to access a 7-bit device, do not include the direction bit. The NI-845x Basic I2C API internally sets the direction bit to the correct value, depending on the function (write or read). If your datasheet specifies the 7-bit device address as a byte, discard the direction bit (bit 0) and right-shift the byte value by one to create the 7-bit address.' at step 'Write Serial Number' in seq 'ProcessModelPostStepRuntimeError'

TST-C-ROS-T2544    9/25/2024 8:12:25 PM ProcessModelError
Error Code: -301742, User-defined error code.
Message: 'NI-845x I2C Write.vi:4470001
NI-845x:  The slave did not acknowledge an address+direction byte transmitted by the I2C master.  If you are using ACK polling, consider increasing the timeout. Other reasons include the incorrect address set in the I2C configuration or the incorrect use of the 7-bit address. When entering an address to access a 7-bit device, do not include the direction bit. The NI-845x Basic I2C API internally sets the direction bit to the correct value, depending on the function (write or read). If your datasheet specifies the 7-bit device address as a byte, discard the direction bit (bit 0) and right-shift the byte value by one to create the 7-bit address.' at step 'Write Serial Number' in seq 'ProcessModelPostStepRuntimeError'

TST-C-ROS-T2544    9/25/2024 8:20:12 PM ProcessModelError
Error Code: -301742, User-defined error code.
Message: 'NI-845x I2C Write.vi:4470001
NI-845x:  The slave did not acknowledge an address+direction byte transmitted by the I2C master.  If you are using ACK polling, consider increasing the timeout. Other reasons include the incorrect address set in the I2C configuration or the incorrect use of the 7-bit address. When entering an address to access a 7-bit device, do not include the direction bit. The NI-845x Basic I2C API internally sets the direction bit to the correct value, depending on the function (write or read). If your datasheet specifies the 7-bit device address as a byte, discard the direction bit (bit 0) and right-shift the byte value by one to create the 7-bit address.' at step 'Write Serial Number' in seq 'ProcessModelPostStepRuntimeError'

TST-C-ROS-T2544    9/25/2024 8:26:15 PM ProcessModelError
Error Code: -301742, User-defined error code.
Message: 'NI-845x I2C Write.vi:4470001
NI-845x:  The slave did not acknowledge an address+direction byte transmitted by the I2C master.  If you are using ACK polling, consider increasing the timeout. Other reasons include the incorrect address set in the I2C configuration or the incorrect use of the 7-bit address. When entering an address to access a 7-bit device, do not include the direction bit. The NI-845x Basic I2C API internally sets the direction bit to the correct value, depending on the function (write or read). If your datasheet specifies the 7-bit device address as a byte, discard the direction bit (bit 0) and right-shift the byte value by one to create the 7-bit address.' at step 'Write Serial Number' in seq 'ProcessModelPostStepRuntimeError'

TST-C-ROS-T2544    9/25/2024 8:31:54 PM ProcessModelError
Error Code: -301742, User-defined error code.
Message: 'NI-845x I2C Write.vi:4470001
NI-845x:  The slave did not acknowledge an address+direction byte transmitted by the I2C master.  If you are using ACK polling, consider increasing the timeout. Other reasons include the incorrect address set in the I2C configuration or the incorrect use of the 7-bit address. When entering an address to access a 7-bit device, do not include the direction bit. The NI-845x Basic I2C API internally sets the direction bit to the correct value, depending on the function (write or read). If your datasheet specifies the 7-bit device address as a byte, discard the direction bit (bit 0) and right-shift the byte value by one to create the 7-bit address.' at step 'Write Serial Number' in seq 'ProcessModelPostStepRuntimeError'

TST-C-ROS-T2544    10/4/2024 12:10:34 PM ProcessModelError
Error Code: 5000, User-defined error code.
Message: 'Webscraper.lvlib:Parse pyWebscraper data.vi
Row specified is not found within array


Complete call chain:
     Webscraper.lvlib:Parse pyWebscraper data.vi
     Webscraper.lvlib:Parse pyWebscraper data.vi.ProxyCaller' at step 'TRS09.1.1 - SCM Serial Number' in seq 'ProcessModelPostStepRuntimeError'

TST-C-ROS-T2544    10/8/2024 10:32:54 AM ProcessModelError
Error Code: 5000, User-defined error code.
Message: 'Webscraper.lvlib:Parse pyWebscraper data.vi
Row specified is not found within array


Complete call chain:
     Webscraper.lvlib:Parse pyWebscraper data.vi
     Webscraper.lvlib:Parse pyWebscraper data.vi.ProxyCaller' at step 'TRS09.1.1 - SCM Serial Number' in seq 'ProcessModelPostStepRuntimeError'

TST-C-ROS-T2544    10/8/2024 10:33:08 AM ProcessModelError
Error Code: 5000, User-defined error code.
Message: 'Webscraper.lvlib:Parse pyWebscraper data.vi
Row specified is not found within array


Complete call chain:
     Webscraper.lvlib:Parse pyWebscraper data.vi
     Webscraper.lvlib:Parse pyWebscraper data.vi.ProxyCaller' at step 'TRS09.1.1 - SCM Serial Number' in seq 'ProcessModelPostStepRuntimeError'

TST-C-ROS-T2544    10/8/2024 10:33:14 AM ProcessModelError
Error Code: 5000, User-defined error code.
Message: 'Webscraper.lvlib:Parse pyWebscraper data.vi
Row specified is not found within array


Complete call chain:
     Webscraper.lvlib:Parse pyWebscraper data.vi
     Webscraper.lvlib:Parse pyWebscraper data.vi.ProxyCaller' at step 'TRS09.1.2 - SCM Manufacturing Info' in seq 'ProcessModelPostStepRuntimeError'

TST-C-ROS-T2544    10/8/2024 10:33:18 AM ProcessModelError
Error Code: 5000, User-defined error code.
Message: 'Webscraper.lvlib:Parse pyWebscraper data.vi
Row specified is not found within array


Complete call chain:
     Webscraper.lvlib:Parse pyWebscraper data.vi
     Webscraper.lvlib:Parse pyWebscraper data.vi.ProxyCaller' at step 'TRS09.1.2 - SCM Manufacturing Info' in seq 'ProcessModelPostStepRuntimeError'

TST-C-ROS-T2544    10/8/2024 10:33:54 AM ProcessModelError
Error Code: 5000, User-defined error code.
Message: 'Webscraper.lvlib:Parse pyWebscraper data.vi
Row specified is not found within array


Complete call chain:
     Webscraper.lvlib:Parse pyWebscraper data.vi
     Webscraper.lvlib:Parse pyWebscraper data.vi.ProxyCaller' at step 'TRS09.1.2 - SCM Manufacturing Info' in seq 'ProcessModelPostStepRuntimeError'

TST-C-ROS-T2544    10/8/2024 10:47:09 AM ProcessModelError
Error Code: 5000, User-defined error code.
Message: 'Webscraper.lvlib:Parse pyWebscraper data.vi
Row specified is not found within array


Complete call chain:
     Webscraper.lvlib:Parse pyWebscraper data.vi
     Webscraper.lvlib:Parse pyWebscraper data.vi.ProxyCaller' at step 'TRS09.1.1 - SCM Serial Number' in seq 'ProcessModelPostStepRuntimeError'

TST-C-ROS-T2544    10/8/2024 11:03:20 AM ProcessModelError
Error Code: 5000, User-defined error code.
Message: 'Webscraper.lvlib:Parse pyWebscraper data.vi
Row specified is not found within array


Complete call chain:
     Webscraper.lvlib:Parse pyWebscraper data.vi
     Webscraper.lvlib:Parse pyWebscraper data.vi.ProxyCaller' at step 'TRS09.1.1 - SCM Serial Number' in seq 'ProcessModelPostStepRuntimeError'

TST-C-ROS-T2544    10/8/2024 11:03:24 AM ProcessModelError
Error Code: 5000, User-defined error code.
Message: 'Webscraper.lvlib:Parse pyWebscraper data.vi
Row specified is not found within array


Complete call chain:
     Webscraper.lvlib:Parse pyWebscraper data.vi
     Webscraper.lvlib:Parse pyWebscraper data.vi.ProxyCaller' at step 'TRS09.1.1 - SCM Serial Number' in seq 'ProcessModelPostStepRuntimeError'

